# compiler: R8
# compiler_version: 2.1.86
# pg_map_id: 887b841
# common_typos_disable
com.netpluspay.nibssclient.BuildConfig -> com.netpluspay.nibssclient.BuildConfig:
    1:1:void <init>():6:6 -> <init>
com.netpluspay.nibssclient.exception.NibssClientException -> com.netpluspay.nibssclient.exception.NibssClientException:
    1:1:void <init>(java.lang.String):5:5 -> <init>
com.netpluspay.nibssclient.models.AccountBalance -> com.netpluspay.nibssclient.models.AccountBalance:
    long amount -> e
    com.netpluspay.nibssclient.models.IsoAccountType accountType -> a
    java.lang.String currencyCode -> c
    char amountSign -> d
    java.lang.String amountType -> b
    1:1:void <init>(com.netpluspay.nibssclient.models.IsoAccountType,java.lang.String,java.lang.String,char,long):95:95 -> <init>
    1:1:com.netpluspay.nibssclient.models.IsoAccountType getAccountType():96:96 -> getAccountType
    1:1:long getAmount():100:100 -> getAmount
    1:1:char getAmountSign():99:99 -> getAmountSign
    1:1:java.lang.String getAmountType():97:97 -> getAmountType
    1:1:java.lang.String getCurrencyCode():98:98 -> getCurrencyCode
com.netpluspay.nibssclient.models.CardData -> com.netpluspay.nibssclient.models.CardData:
    java.lang.String pinBlock -> a
    java.lang.String[] NIBSS_TAGS -> f
    java.lang.String nibssIccSubset -> c
    java.lang.String track2Data -> b
    java.lang.String posEntryMode -> e
    java.lang.String panSequenceNumber -> d
    1:23:void <clinit>():27:27 -> <clinit>
    1:1:void <init>(java.lang.String,java.lang.String,java.lang.String,java.lang.String):6:6 -> <init>
    2:2:void <init>(java.lang.String,java.lang.String,java.lang.String,java.lang.String,int,kotlin.jvm.internal.DefaultConstructorMarker):10:10 -> <init>
    1:1:java.lang.String[] access$getNIBSS_TAGS$cp():6:6 -> access$getNIBSS_TAGS$cp
    1:1:java.lang.String getNibssIccSubset():8:8 -> getNibssIccSubset
    1:1:java.lang.String getPanSequenceNumber():9:9 -> getPanSequenceNumber
    1:1:java.lang.String getPinBlock():12:12 -> getPinBlock
    1:1:java.lang.String getPosEntryMode():10:10 -> getPosEntryMode
    1:1:java.lang.String getTrack2Data():7:7 -> getTrack2Data
    1:1:void setPinBlock(java.lang.String):12:12 -> setPinBlock
com.netpluspay.nibssclient.models.CardData$Companion -> com.netpluspay.nibssclient.models.CardData$Companion:
    1:1:void <init>():26:26 -> <init>
    2:2:void <init>(kotlin.jvm.internal.DefaultConstructorMarker):26:26 -> <init>
    1:1:java.lang.String getAcquiringInstitutionIdCode(java.lang.String):104:104 -> getAcquiringInstitutionIdCode
    1:4:java.lang.String getExpiryDate(java.lang.String,char):90:93 -> getExpiryDate
    1:1:java.lang.String getExpiryDate$default(com.netpluspay.nibssclient.models.CardData$Companion,java.lang.String,char,int,java.lang.Object):89:89 -> getExpiryDate$default
    1:1:java.lang.String[] getNIBSS_TAGS():27:27 -> getNIBSS_TAGS
    1:9:java.lang.String getNibssTags(java.lang.String):53:61 -> getNibssTags
    1:3:java.lang.String getPan(java.lang.String,char):84:86 -> getPan
    1:1:java.lang.String getPan$default(com.netpluspay.nibssclient.models.CardData$Companion,java.lang.String,char,int,java.lang.Object):83:83 -> getPan$default
    1:4:java.lang.String getServiceCode(java.lang.String,char):97:100 -> getServiceCode
    1:1:java.lang.String getServiceCode$default(com.netpluspay.nibssclient.models.CardData$Companion,java.lang.String,char,int,java.lang.Object):96:96 -> getServiceCode$default
    1:13:com.netpluspay.nibssclient.models.CardData initCardDataFromTrack(java.lang.String):67:79 -> initCardDataFromTrack
    14:14:com.netpluspay.nibssclient.models.CardData initCardDataFromTrack(java.lang.String):75:75 -> initCardDataFromTrack
com.netpluspay.nibssclient.models.CardDataKt -> com.netpluspay.nibssclient.models.CardDataKt:
    1:3:java.lang.String getCardHolderFromTrack1(java.lang.String):111:113 -> getCardHolderFromTrack1
    1:5:java.lang.String padLeft(java.lang.String,int,char):117:121 -> padLeft
com.netpluspay.nibssclient.models.CheckBalanceParams -> com.netpluspay.nibssclient.models.CheckBalanceParams:
    com.netpluspay.nibssclient.models.CardData cardData -> a
    com.netpluspay.nibssclient.models.IsoAccountType accountType -> b
    java.lang.String terminalId -> c
    1:1:void <init>(com.netpluspay.nibssclient.models.CardData,com.netpluspay.nibssclient.models.IsoAccountType,java.lang.String):5:5 -> <init>
    2:3:void <init>(com.netpluspay.nibssclient.models.CardData,com.netpluspay.nibssclient.models.IsoAccountType,java.lang.String,int,kotlin.jvm.internal.DefaultConstructorMarker):7:8 -> <init>
    1:1:com.netpluspay.nibssclient.models.IsoAccountType getAccountType():7:7 -> getAccountType
    1:1:com.netpluspay.nibssclient.models.CardData getCardData():6:6 -> getCardData
    1:1:java.lang.String getTerminalId():8:8 -> getTerminalId
    1:1:void setAccountType(com.netpluspay.nibssclient.models.IsoAccountType):7:7 -> setAccountType
com.netpluspay.nibssclient.models.ConfigurationParams -> com.netpluspay.nibssclient.models.ConfigurationParams:
    java.lang.String action -> a
    java.lang.String terminalSerial -> c
    java.lang.String terminalId -> b
    1:5:void <init>(java.lang.String,java.lang.String):5:9 -> <init>
    6:7:void <init>(java.lang.String,java.lang.String,int,kotlin.jvm.internal.DefaultConstructorMarker) -> <init>
    1:1:java.lang.String getAction():9:9 -> getAction
    1:1:java.lang.String getTerminalId():6:6 -> getTerminalId
    1:1:void setAction(java.lang.String):9:9 -> setAction
    1:1:void setTerminalId(java.lang.String):6:6 -> setTerminalId
    1:1:boolean validate():10:10 -> validate
com.netpluspay.nibssclient.models.IsoAccountType -> com.netpluspay.nibssclient.models.IsoAccountType:
    com.netpluspay.nibssclient.models.IsoAccountType[] $VALUES -> b
    java.lang.String code -> a
    1:2:void <clinit>():5:6 -> <clinit>
    1:1:void <init>(java.lang.String,int,java.lang.String):4:4 -> <init>
    1:1:java.lang.String getCode():4:4 -> getCode
    1:1:java.lang.String toString():11:11 -> toString
com.netpluspay.nibssclient.models.IsoAccountType$Companion -> com.netpluspay.nibssclient.models.IsoAccountType$Companion:
    1:1:void <init>():14:14 -> <init>
    2:2:void <init>(kotlin.jvm.internal.DefaultConstructorMarker):14:14 -> <init>
    1:1:com.netpluspay.nibssclient.models.IsoAccountType parseIntAccountType(int):37:37 -> parseIntAccountType
    2:2:com.netpluspay.nibssclient.models.IsoAccountType parseIntAccountType(int):34:34 -> parseIntAccountType
    3:3:com.netpluspay.nibssclient.models.IsoAccountType parseIntAccountType(int):32:32 -> parseIntAccountType
    4:4:com.netpluspay.nibssclient.models.IsoAccountType parseIntAccountType(int):30:30 -> parseIntAccountType
    5:5:com.netpluspay.nibssclient.models.IsoAccountType parseIntAccountType(int):28:28 -> parseIntAccountType
    6:15:com.netpluspay.nibssclient.models.IsoAccountType parseIntAccountType(int):26:35 -> parseIntAccountType
    1:6:com.netpluspay.nibssclient.models.IsoAccountType parseStringAccountType(java.lang.String):15:20 -> parseStringAccountType
    7:12:com.netpluspay.nibssclient.models.IsoAccountType parseStringAccountType(java.lang.String):16:21 -> parseStringAccountType
    13:13:com.netpluspay.nibssclient.models.IsoAccountType parseStringAccountType(java.lang.String):19:19 -> parseStringAccountType
    14:20:com.netpluspay.nibssclient.models.IsoAccountType parseStringAccountType(java.lang.String):16:22 -> parseStringAccountType
com.netpluspay.nibssclient.models.KeyHolder -> com.netpluspay.nibssclient.models.KeyHolder:
    java.lang.String pinKey -> c
    java.lang.String clearPinKey -> b
    int id -> a
    java.lang.String masterKey -> d
    1:9:void <init>(java.lang.String,java.lang.String,java.lang.String):13:21 -> <init>
    10:10:void <init>(java.lang.String,java.lang.String,java.lang.String,int,kotlin.jvm.internal.DefaultConstructorMarker):17:17 -> <init>
    1:1:java.lang.String getClearPinKey():14:14 -> getClearPinKey
    1:1:int getId():21:21 -> getId
    1:1:java.lang.String getMasterKey():17:17 -> getMasterKey
    1:1:java.lang.String getPinKey():15:15 -> getPinKey
    1:1:boolean isValid():23:23 -> isValid
    1:1:void setId(int):21:21 -> setId
com.netpluspay.nibssclient.models.KeyHolder$Creator -> com.netpluspay.nibssclient.models.KeyHolder$Creator:
    1:1:java.lang.Object createFromParcel(android.os.Parcel):13:13 -> createFromParcel
    1:1:java.lang.Object[] newArray(int):13:13 -> newArray
com.netpluspay.nibssclient.models.MakePaymentParams -> com.netpluspay.nibssclient.models.MakePaymentParams:
    com.netpluspay.nibssclient.models.IsoAccountType accountType -> g
    long otherAmount -> e
    long amount -> d
    com.netpluspay.nibssclient.models.CardData cardData -> h
    com.netpluspay.nibssclient.models.OriginalDataElements originalDataElements -> a
    java.lang.String terminalId -> c
    java.lang.String action -> b
    com.netpluspay.nibssclient.models.TransactionType transactionType -> f
    1:1:void <init>(java.lang.String,java.lang.String,long,long,com.netpluspay.nibssclient.models.TransactionType,com.netpluspay.nibssclient.models.IsoAccountType,com.netpluspay.nibssclient.models.CardData):5:5 -> <init>
    2:7:void <init>(java.lang.String,java.lang.String,long,long,com.netpluspay.nibssclient.models.TransactionType,com.netpluspay.nibssclient.models.IsoAccountType,com.netpluspay.nibssclient.models.CardData,int,kotlin.jvm.internal.DefaultConstructorMarker):7:12 -> <init>
    8:8:void <init>(java.lang.String,long,long,com.netpluspay.nibssclient.models.CardData,com.netpluspay.nibssclient.models.TransactionType,com.netpluspay.nibssclient.models.IsoAccountType):21:21 -> <init>
    9:9:void <init>(long,long,com.netpluspay.nibssclient.models.CardData,com.netpluspay.nibssclient.models.TransactionType,com.netpluspay.nibssclient.models.IsoAccountType):36:36 -> <init>
    10:10:void <init>(java.lang.String,long,long,com.netpluspay.nibssclient.models.CardData):44:44 -> <init>
    11:11:void <init>(long,long,com.netpluspay.nibssclient.models.CardData):53:53 -> <init>
    12:12:void <init>(long,long,com.netpluspay.nibssclient.models.CardData):51:51 -> <init>
    1:1:com.netpluspay.nibssclient.models.IsoAccountType getAccountType():11:11 -> getAccountType
    1:1:java.lang.String getAction():6:6 -> getAction
    1:1:long getAmount():8:8 -> getAmount
    1:1:com.netpluspay.nibssclient.models.CardData getCardData():12:12 -> getCardData
    1:1:com.netpluspay.nibssclient.models.OriginalDataElements getOriginalDataElements():59:59 -> getOriginalDataElements
    1:1:long getOtherAmount():9:9 -> getOtherAmount
    1:1:java.lang.String getTerminalId():7:7 -> getTerminalId
    1:1:com.netpluspay.nibssclient.models.TransactionType getTransactionType():10:10 -> getTransactionType
    1:1:void setAccountType(com.netpluspay.nibssclient.models.IsoAccountType):11:11 -> setAccountType
    1:1:void setAction(java.lang.String):6:6 -> setAction
    1:1:void setAmount(long):8:8 -> setAmount
    1:1:void setCardData(com.netpluspay.nibssclient.models.CardData):12:12 -> setCardData
    1:1:void setOriginalDataElements(com.netpluspay.nibssclient.models.OriginalDataElements):59:59 -> setOriginalDataElements
    1:1:void setOtherAmount(long):9:9 -> setOtherAmount
    1:1:void setTerminalId(java.lang.String):7:7 -> setTerminalId
    1:1:void setTransactionType(com.netpluspay.nibssclient.models.TransactionType):10:10 -> setTransactionType
    1:1:boolean validate():58:58 -> validate
com.netpluspay.nibssclient.models.MessageReasonCode -> com.netpluspay.nibssclient.models.MessageReasonCode:
    com.netpluspay.nibssclient.models.MessageReasonCode[] $VALUES -> b
    java.lang.String code -> a
    1:1:void <clinit>():167:167 -> <clinit>
    1:1:void <init>(java.lang.String,int,java.lang.String):165:165 -> <init>
    1:1:java.lang.String getCode():165:165 -> getCode
com.netpluspay.nibssclient.models.NibssAID -> com.netpluspay.nibssclient.models.NibssAID:
    java.lang.String appSelectionPriority -> g
    java.lang.String applicationVersion -> f
    java.lang.String TDOL -> i
    java.lang.String DDOL -> h
    java.lang.String tflInternational -> k
    java.lang.String tflDomestic -> j
    java.lang.String maxTargetDomestic -> m
    java.lang.Integer[] tags -> t
    java.lang.String offlineThresholdDomestic -> l
    java.lang.String targetPercentageDomestic -> o
    java.lang.String maxTargetInternational -> n
    int match -> d
    java.lang.String tacDefault -> q
    java.lang.String targetPercentageInternational -> p
    int internalReferenceNumber -> b
    java.lang.String tacOnline -> s
    java.lang.String tacDenial -> r
    java.lang.String index -> a
    java.lang.String AID -> c
    java.lang.String applicationName -> e
    1:21:void <clinit>():48:48 -> <clinit>
    1:1:void <init>(java.lang.String,int,java.lang.String,int,java.lang.String,java.lang.String,java.lang.String,java.lang.String,java.lang.String,java.lang.String,java.lang.String,java.lang.String,java.lang.String,java.lang.String,java.lang.String,java.lang.String,java.lang.String,java.lang.String,java.lang.String):5:5 -> <init>
    2:2:void <init>(java.lang.String,int,java.lang.String,int,java.lang.String,java.lang.String,java.lang.String,java.lang.String,java.lang.String,java.lang.String,java.lang.String,java.lang.String,java.lang.String,java.lang.String,java.lang.String,java.lang.String,java.lang.String,java.lang.String,java.lang.String,int,kotlin.jvm.internal.DefaultConstructorMarker):21:21 -> <init>
    1:1:java.lang.Integer[] access$getTags$cp():5:5 -> access$getTags$cp
    1:1:java.lang.String getAID():8:8 -> getAID
    1:1:java.lang.String getAppSelectionPriority():12:12 -> getAppSelectionPriority
    1:1:java.lang.String getApplicationName():10:10 -> getApplicationName
    1:1:java.lang.String getApplicationVersion():11:11 -> getApplicationVersion
    1:1:java.lang.String getDDOL():13:13 -> getDDOL
    1:1:java.lang.String getIndex():6:6 -> getIndex
    1:1:int getInternalReferenceNumber():7:7 -> getInternalReferenceNumber
    1:1:int getMatch():9:9 -> getMatch
    1:1:java.lang.String getMaxTargetDomestic():18:18 -> getMaxTargetDomestic
    1:1:java.lang.String getMaxTargetInternational():19:19 -> getMaxTargetInternational
    1:1:java.lang.String getOfflineThresholdDomestic():17:17 -> getOfflineThresholdDomestic
    1:1:java.lang.String getTDOL():14:14 -> getTDOL
    1:1:java.lang.String getTacDefault():22:22 -> getTacDefault
    1:1:java.lang.String getTacDenial():23:23 -> getTacDenial
    1:1:java.lang.String getTacOnline():24:24 -> getTacOnline
    1:1:java.lang.String getTargetPercentageDomestic():20:20 -> getTargetPercentageDomestic
    1:1:java.lang.String getTargetPercentageInternational():21:21 -> getTargetPercentageInternational
    1:1:java.lang.String getTflDomestic():15:15 -> getTflDomestic
    1:1:java.lang.String getTflInternational():16:16 -> getTflInternational
com.netpluspay.nibssclient.models.NibssAID$Companion -> com.netpluspay.nibssclient.models.NibssAID$Companion:
    1:1:void <init>(kotlin.jvm.internal.DefaultConstructorMarker):27:27 -> <init>
    1:1:void <init>():27 -> <init>
    2:2:void <init>(kotlin.jvm.internal.DefaultConstructorMarker):27:27 -> <init>
    1:1:java.lang.Integer[] getTags():48:48 -> getTags
    1:52:com.netpluspay.nibssclient.models.NibssAID parse(java.lang.String):71:122 -> parse
    53:63:com.netpluspay.nibssclient.models.NibssAID parse(java.lang.String):75:85 -> parse
    64:71:com.netpluspay.nibssclient.models.NibssAID parse(java.lang.String):80:87 -> parse
    72:106:com.netpluspay.nibssclient.models.NibssAID parse(java.lang.String):75:109 -> parse
    107:107:com.netpluspay.nibssclient.models.NibssAID parse(java.lang.String):90:90 -> parse
    1:3:java.util.List parseNibssResponse(java.lang.String):114:116 -> parseNibssResponse
com.netpluspay.nibssclient.models.NibssAID$Companion$parseNibssResponse$1 -> com.netpluspay.nibssclient.models.NibssAID$Companion$a:
    com.netpluspay.nibssclient.models.NibssAID$Companion$parseNibssResponse$1 INSTANCE -> a
    1:1:java.lang.Object invoke(java.lang.Object):27:27 -> invoke
    2:117:com.netpluspay.nibssclient.models.NibssAID invoke(java.lang.String):0:115 -> invoke
    2:117:java.lang.Object invoke(java.lang.Object):27 -> invoke
com.netpluspay.nibssclient.models.NibssCA -> com.netpluspay.nibssclient.models.NibssCA:
    java.lang.String exponent -> g
    java.lang.String modulus -> f
    java.lang.String keyAlgorithm -> i
    java.lang.String hash -> h
    java.lang.String keyIndex -> a
    int internalReferenceNumber -> b
    java.lang.String keyName -> c
    java.lang.Integer[] tags -> j
    java.lang.String hashAlgorithm -> e
    java.lang.String RID -> d
    1:11:void <clinit>():29:29 -> <clinit>
    1:1:void <init>(java.lang.String,int,java.lang.String,java.lang.String,java.lang.String,java.lang.String,java.lang.String,java.lang.String,java.lang.String):5:5 -> <init>
    1:1:java.lang.Integer[] access$getTags$cp():5:5 -> access$getTags$cp
    1:1:java.lang.String getExponent():12:12 -> getExponent
    1:1:java.lang.String getHash():13:13 -> getHash
    1:1:java.lang.String getHashAlgorithm():10:10 -> getHashAlgorithm
    1:1:int getInternalReferenceNumber():7:7 -> getInternalReferenceNumber
    1:1:java.lang.String getKeyAlgorithm():14:14 -> getKeyAlgorithm
    1:1:java.lang.String getKeyIndex():6:6 -> getKeyIndex
    1:1:java.lang.String getKeyName():8:8 -> getKeyName
    1:1:java.lang.String getModulus():11:11 -> getModulus
    1:1:java.lang.String getRID():9:9 -> getRID
com.netpluspay.nibssclient.models.NibssCA$Companion -> com.netpluspay.nibssclient.models.NibssCA$Companion:
    1:1:void <init>(kotlin.jvm.internal.DefaultConstructorMarker):18:18 -> <init>
    1:1:void <init>():18 -> <init>
    2:2:void <init>(kotlin.jvm.internal.DefaultConstructorMarker):18:18 -> <init>
    1:1:java.lang.Integer[] getTags():29:29 -> getTags
    1:43:com.netpluspay.nibssclient.models.NibssCA parse(java.lang.String):42:84 -> parse
    44:54:com.netpluspay.nibssclient.models.NibssCA parse(java.lang.String):46:56 -> parse
    55:62:com.netpluspay.nibssclient.models.NibssCA parse(java.lang.String):51:58 -> parse
    63:87:com.netpluspay.nibssclient.models.NibssCA parse(java.lang.String):46:70 -> parse
    88:88:com.netpluspay.nibssclient.models.NibssCA parse(java.lang.String):61:61 -> parse
    1:3:java.util.List parseNibssResponse(java.lang.String):76:78 -> parseNibssResponse
com.netpluspay.nibssclient.models.NibssCA$Companion$parseNibssResponse$1 -> com.netpluspay.nibssclient.models.NibssCA$Companion$a:
    com.netpluspay.nibssclient.models.NibssCA$Companion$parseNibssResponse$1 INSTANCE -> a
    1:1:java.lang.Object invoke(java.lang.Object):18:18 -> invoke
    2:79:com.netpluspay.nibssclient.models.NibssCA invoke(java.lang.String):0:77 -> invoke
    2:79:java.lang.Object invoke(java.lang.Object):18 -> invoke
com.netpluspay.nibssclient.models.OriginalDataElements -> com.netpluspay.nibssclient.models.OriginalDataElements:
    java.lang.String originalAcquiringInstCode -> g
    java.lang.String originalRRN -> f
    java.lang.String originalForwardingInstCode -> i
    com.netpluspay.nibssclient.models.MessageReasonCode reversalReasonCode -> h
    long originalAmount -> b
    com.netpluspay.nibssclient.models.TransactionType originalTransactionType -> a
    java.lang.String originalAuthorizationCode -> c
    java.lang.String originalSTAN -> e
    java.lang.String originalTransmissionTime -> d
    1:1:void <init>(com.netpluspay.nibssclient.models.TransactionType,long,java.lang.String,java.lang.String,java.lang.String,java.lang.String,java.lang.String,com.netpluspay.nibssclient.models.MessageReasonCode,java.lang.String):141:141 -> <init>
    2:3:void <init>(com.netpluspay.nibssclient.models.TransactionType,long,java.lang.String,java.lang.String,java.lang.String,java.lang.String,java.lang.String,com.netpluspay.nibssclient.models.MessageReasonCode,java.lang.String,int,kotlin.jvm.internal.DefaultConstructorMarker):149:150 -> <init>
    1:1:java.lang.String getOriginalAcquiringInstCode():148:148 -> getOriginalAcquiringInstCode
    1:1:long getOriginalAmount():143:143 -> getOriginalAmount
    1:1:java.lang.String getOriginalAuthorizationCode():144:144 -> getOriginalAuthorizationCode
    1:1:java.lang.String getOriginalForwardingInstCode():150:150 -> getOriginalForwardingInstCode
    1:1:java.lang.String getOriginalRRN():147:147 -> getOriginalRRN
    1:1:java.lang.String getOriginalSTAN():146:146 -> getOriginalSTAN
    1:1:com.netpluspay.nibssclient.models.TransactionType getOriginalTransactionType():142:142 -> getOriginalTransactionType
    1:1:java.lang.String getOriginalTransmissionTime():145:145 -> getOriginalTransmissionTime
    1:1:com.netpluspay.nibssclient.models.MessageReasonCode getReversalReasonCode():149:149 -> getReversalReasonCode
    1:1:void setOriginalForwardingInstCode(java.lang.String):150:150 -> setOriginalForwardingInstCode
    1:1:void setReversalReasonCode(com.netpluspay.nibssclient.models.MessageReasonCode):149:149 -> setReversalReasonCode
com.netpluspay.nibssclient.models.RefundTransactionParams -> com.netpluspay.nibssclient.models.RefundTransactionParams:
    com.netpluspay.nibssclient.models.CardData cardData -> b
    java.lang.String terminalId -> f
    com.netpluspay.nibssclient.models.TransactionResponse transactionResponse -> c
    com.netpluspay.nibssclient.models.MessageReasonCode messageReasonCode -> e
    com.netpluspay.nibssclient.models.IsoAccountType accountType -> d
    com.netpluspay.nibssclient.models.OriginalDataElements originalDataElements -> a
    1:1:void <init>(com.netpluspay.nibssclient.models.CardData,com.netpluspay.nibssclient.models.TransactionResponse,com.netpluspay.nibssclient.models.IsoAccountType,com.netpluspay.nibssclient.models.MessageReasonCode,java.lang.String):5:5 -> <init>
    2:4:void <init>(com.netpluspay.nibssclient.models.CardData,com.netpluspay.nibssclient.models.TransactionResponse,com.netpluspay.nibssclient.models.IsoAccountType,com.netpluspay.nibssclient.models.MessageReasonCode,java.lang.String,int,kotlin.jvm.internal.DefaultConstructorMarker):8:10 -> <init>
    1:1:com.netpluspay.nibssclient.models.IsoAccountType getAccountType():8:8 -> getAccountType
    1:1:com.netpluspay.nibssclient.models.CardData getCardData():6:6 -> getCardData
    1:1:com.netpluspay.nibssclient.models.MessageReasonCode getMessageReasonCode():9:9 -> getMessageReasonCode
    1:1:com.netpluspay.nibssclient.models.OriginalDataElements getOriginalDataElements():13:13 -> getOriginalDataElements
    1:1:java.lang.String getTerminalId():10:10 -> getTerminalId
    1:1:com.netpluspay.nibssclient.models.TransactionResponse getTransactionResponse():7:7 -> getTransactionResponse
    1:1:void setAccountType(com.netpluspay.nibssclient.models.IsoAccountType):8:8 -> setAccountType
    1:1:void setMessageReasonCode(com.netpluspay.nibssclient.models.MessageReasonCode):9:9 -> setMessageReasonCode
    1:1:void setOriginalDataElements(com.netpluspay.nibssclient.models.OriginalDataElements):13:13 -> setOriginalDataElements
    1:1:void setTransactionResponse(com.netpluspay.nibssclient.models.TransactionResponse):7:7 -> setTransactionResponse
com.netpluspay.nibssclient.models.TransactionResponse -> com.netpluspay.nibssclient.models.TransactionResponse:
    java.lang.String STAN -> f
    java.lang.String localTime_12 -> h
    java.lang.String originalForwardingInstCode -> l
    java.lang.String responseCode -> n
    java.lang.String echoData -> p
    java.lang.String cardExpiry -> r
    java.lang.String TVR -> t
    java.lang.String AID -> v
    com.netpluspay.nibssclient.models.IsoAccountType accountType -> y
    java.lang.String terminalId -> z
    java.lang.String errorMessage -> a
    com.netpluspay.nibssclient.models.TransactionType transactionType -> b
    java.lang.String maskedPan -> c
    java.lang.String otherId -> B
    java.lang.String transmissionDateTime -> e
    java.lang.String responseDE55 -> D
    java.lang.String RRN -> g
    long otherAmount -> j
    java.lang.String localDate_13 -> i
    java.lang.String acquiringInstCode -> k
    java.lang.String authCode -> m
    java.lang.String additionalAmount_54 -> o
    long amount -> d
    java.lang.String cardLabel -> q
    long id -> C
    java.lang.String cardHolder -> s
    java.lang.String TSI -> u
    java.lang.String appCryptogram -> w
    long transactionTimeInMillis -> x
    java.lang.String merchantId -> A
    1:1:void <init>(com.netpluspay.nibssclient.models.TransactionType,java.lang.String,long,java.lang.String,java.lang.String,java.lang.String,java.lang.String,java.lang.String,long,java.lang.String,java.lang.String,java.lang.String,java.lang.String,java.lang.String,java.lang.String,java.lang.String,java.lang.String,java.lang.String,java.lang.String,java.lang.String,java.lang.String,java.lang.String,long,com.netpluspay.nibssclient.models.IsoAccountType,java.lang.String,java.lang.String,java.lang.String,long,java.lang.String):15:15 -> <init>
    2:9:void <init>(com.netpluspay.nibssclient.models.TransactionType,java.lang.String,long,java.lang.String,java.lang.String,java.lang.String,java.lang.String,java.lang.String,long,java.lang.String,java.lang.String,java.lang.String,java.lang.String,java.lang.String,java.lang.String,java.lang.String,java.lang.String,java.lang.String,java.lang.String,java.lang.String,java.lang.String,java.lang.String,long,com.netpluspay.nibssclient.models.IsoAccountType,java.lang.String,java.lang.String,java.lang.String,long,java.lang.String,int,kotlin.jvm.internal.DefaultConstructorMarker):41:48 -> <init>
    10:10:void <init>():55:55 -> <init>
    1:1:java.lang.String getAID():38:38 -> getAID
    1:1:com.netpluspay.nibssclient.models.IsoAccountType getAccountType():41:41 -> getAccountType
    1:1:java.lang.String getAcquiringInstCode():26:26 -> getAcquiringInstCode
    1:1:java.lang.String getAdditionalAmount_54():30:30 -> getAdditionalAmount_54
    1:1:long getAmount():18:18 -> getAmount
    1:1:java.lang.String getAppCryptogram():39:39 -> getAppCryptogram
    1:1:java.lang.String getAuthCode():28:28 -> getAuthCode
    1:1:java.lang.String getCardExpiry():34:34 -> getCardExpiry
    1:1:java.lang.String getCardHolder():35:35 -> getCardHolder
    1:1:java.lang.String getCardLabel():33:33 -> getCardLabel
    1:1:java.lang.String getEchoData():31:31 -> getEchoData
    1:1:java.lang.String getErrorMessage():53:53 -> getErrorMessage
    1:1:long getId():47:47 -> getId
    1:1:java.lang.String getLocalDate_13():24:24 -> getLocalDate_13
    1:1:java.lang.String getLocalTime_12():23:23 -> getLocalTime_12
    1:1:java.lang.String getMaskedPan():17:17 -> getMaskedPan
    1:1:java.lang.String getMerchantId():44:44 -> getMerchantId
    1:1:java.lang.String getOriginalForwardingInstCode():27:27 -> getOriginalForwardingInstCode
    1:1:long getOtherAmount():25:25 -> getOtherAmount
    1:1:java.lang.String getOtherId():45:45 -> getOtherId
    1:1:java.lang.String getRRN():22:22 -> getRRN
    1:1:java.lang.String getResponseCode():29:29 -> getResponseCode
    1:1:java.lang.String getResponseDE55():48:48 -> getResponseDE55
    1:1:java.lang.String getSTAN():21:21 -> getSTAN
    1:1:java.lang.String getTSI():37:37 -> getTSI
    1:1:java.lang.String getTVR():36:36 -> getTVR
    1:1:java.lang.String getTerminalId():43:43 -> getTerminalId
    1:1:long getTransactionTimeInMillis():40:40 -> getTransactionTimeInMillis
    1:1:com.netpluspay.nibssclient.models.TransactionType getTransactionType():16:16 -> getTransactionType
    1:1:java.lang.String getTransmissionDateTime():20:20 -> getTransmissionDateTime
    1:1:void setAID(java.lang.String):38:38 -> setAID
    1:1:void setAccountType(com.netpluspay.nibssclient.models.IsoAccountType):41:41 -> setAccountType
    1:1:void setAcquiringInstCode(java.lang.String):26:26 -> setAcquiringInstCode
    1:1:void setAdditionalAmount_54(java.lang.String):30:30 -> setAdditionalAmount_54
    1:1:void setAmount(long):18:18 -> setAmount
    1:1:void setAppCryptogram(java.lang.String):39:39 -> setAppCryptogram
    1:1:void setAuthCode(java.lang.String):28:28 -> setAuthCode
    1:1:void setCardExpiry(java.lang.String):34:34 -> setCardExpiry
    1:1:void setCardHolder(java.lang.String):35:35 -> setCardHolder
    1:1:void setCardLabel(java.lang.String):33:33 -> setCardLabel
    1:1:void setEchoData(java.lang.String):31:31 -> setEchoData
    1:1:void setErrorMessage(java.lang.String):53:53 -> setErrorMessage
    1:1:void setId(long):47:47 -> setId
    1:1:void setLocalDate_13(java.lang.String):24:24 -> setLocalDate_13
    1:1:void setLocalTime_12(java.lang.String):23:23 -> setLocalTime_12
    1:1:void setMaskedPan(java.lang.String):17:17 -> setMaskedPan
    1:1:void setMerchantId(java.lang.String):44:44 -> setMerchantId
    1:1:void setOriginalForwardingInstCode(java.lang.String):27:27 -> setOriginalForwardingInstCode
    1:1:void setOtherAmount(long):25:25 -> setOtherAmount
    1:1:void setOtherId(java.lang.String):45:45 -> setOtherId
    1:1:void setRRN(java.lang.String):22:22 -> setRRN
    1:1:void setResponseCode(java.lang.String):29:29 -> setResponseCode
    1:1:void setResponseDE55(java.lang.String):48:48 -> setResponseDE55
    1:1:void setSTAN(java.lang.String):21:21 -> setSTAN
    1:1:void setTSI(java.lang.String):37:37 -> setTSI
    1:1:void setTVR(java.lang.String):36:36 -> setTVR
    1:1:void setTerminalId(java.lang.String):43:43 -> setTerminalId
    1:1:void setTransactionTimeInMillis(long):40:40 -> setTransactionTimeInMillis
    1:1:void setTransactionType(com.netpluspay.nibssclient.models.TransactionType):16:16 -> setTransactionType
    1:1:void setTransmissionDateTime(java.lang.String):20:20 -> setTransmissionDateTime
    1:1:boolean validateResponse():50:50 -> validateResponse
com.netpluspay.nibssclient.models.TransactionResponse$Creator -> com.netpluspay.nibssclient.models.TransactionResponse$Creator:
    1:1:java.lang.Object createFromParcel(android.os.Parcel):15:15 -> createFromParcel
    1:1:java.lang.Object[] newArray(int):15:15 -> newArray
com.netpluspay.nibssclient.models.TransactionResponseKt -> com.netpluspay.nibssclient.models.TransactionResponseKt:
    1:1:java.util.List getAccountBalances(com.netpluspay.nibssclient.models.TransactionResponse):92:92 -> getAccountBalances
    1:3:java.lang.String getIssuerAuthData91(com.netpluspay.nibssclient.models.TransactionResponse):67:69 -> getIssuerAuthData91
    1:3:java.lang.String getIssuerScript71(com.netpluspay.nibssclient.models.TransactionResponse):76:78 -> getIssuerScript71
    1:3:java.lang.String getIssuerScript72(com.netpluspay.nibssclient.models.TransactionResponse):84:86 -> getIssuerScript72
    1:1:java.lang.String getResponseMessage(com.netpluspay.nibssclient.models.TransactionResponse):62:62 -> getResponseMessage
    1:1:boolean isApproved(com.netpluspay.nibssclient.models.TransactionResponse):59:59 -> isApproved
    1:6:java.util.List parseField54AdditionalAmount(java.lang.String):117:122 -> parseField54AdditionalAmount
    7:15:com.netpluspay.nibssclient.models.AccountBalance parseAdditionalAmountString(java.lang.String):105:113 -> parseField54AdditionalAmount
    7:15:java.util.List parseField54AdditionalAmount(java.lang.String):122 -> parseField54AdditionalAmount
    16:18:java.util.List parseField54AdditionalAmount(java.lang.String):122:124 -> parseField54AdditionalAmount
    19:19:com.netpluspay.nibssclient.models.AccountBalance parseAdditionalAmountString(java.lang.String):105:105 -> parseField54AdditionalAmount
    19:19:java.util.List parseField54AdditionalAmount(java.lang.String):122 -> parseField54AdditionalAmount
    1:10:com.netpluspay.nibssclient.models.OriginalDataElements toOriginalDataElements(com.netpluspay.nibssclient.models.TransactionResponse):154:154 -> toOriginalDataElements
com.netpluspay.nibssclient.models.TransactionType -> com.netpluspay.nibssclient.models.TransactionType:
    com.netpluspay.nibssclient.models.TransactionType[] $VALUES -> a
    1:1:void <init>(java.lang.String,int):6:6 -> <init>
    1:1:java.lang.String getCode():26:26 -> getCode
    1:1:boolean getHasAdditionalAmount():95:95 -> getHasAdditionalAmount
    1:1:boolean getHasOriginalAmount():89:89 -> getHasOriginalAmount
    1:19:int getMTI():65:83 -> getMTI
    1:1:boolean isReversible():101:101 -> isReversible
    1:1:java.lang.String toString():86:86 -> toString
com.netpluspay.nibssclient.service.NibssApiClient -> com.netpluspay.nibssclient.service.NibssApiClient:
    java.net.Socket socket -> a
    boolean requestInProgress -> b
    1:1:void <clinit>():17:17 -> <clinit>
    1:1:void <init>():17:17 -> <init>
    1:1:java.net.Socket access$getSocket$p(com.netpluspay.nibssclient.service.NibssApiClient):17:17 -> access$getSocket$p
    1:1:void access$setSocket$p(com.netpluspay.nibssclient.service.NibssApiClient,java.net.Socket):17:17 -> access$setSocket$p
    1:25:java.lang.String write(android.content.Context,java.lang.String):25:49 -> write
    26:32:java.lang.String write(android.content.Context,java.lang.String):48:54 -> write
    33:38:java.lang.String write(android.content.Context,java.lang.String):53:58 -> write
    39:52:java.lang.String write(android.content.Context,java.lang.String):51:51 -> write
    53:57:java.lang.String write(android.content.Context,java.lang.String):26:26 -> write
    92:94:java.lang.String write(android.content.Context,java.lang.String):61:63 -> write
com.netpluspay.nibssclient.service.NibssApiWrapper -> com.netpluspay.nibssclient.service.NibssApiWrapper:
    com.google.gson.Gson gson -> a
    1:2:void <clinit>():11:12 -> <clinit>
    1:1:void <init>():11:11 -> <init>
    1:1:com.google.gson.Gson access$getGson$p(com.netpluspay.nibssclient.service.NibssApiWrapper):11:11 -> access$getGson$p
    1:1:io.reactivex.Single callHome(android.content.Context,com.netpluspay.nibssclient.models.ConfigurationParams):29:29 -> callHome
    1:1:io.reactivex.Single checkBalance(android.content.Context,com.netpluspay.nibssclient.models.CheckBalanceParams):55:55 -> checkBalance
    1:1:io.reactivex.Single completion(android.content.Context,com.netpluspay.nibssclient.models.MakePaymentParams):105:105 -> completion
    1:1:io.reactivex.Single configureTerminal(android.content.Context,com.netpluspay.nibssclient.models.ConfigurationParams):16:16 -> configureTerminal
    1:1:io.reactivex.Single downloadNibssAIDS(android.content.Context,com.netpluspay.nibssclient.models.ConfigurationParams):79:79 -> downloadNibssAIDS
    1:1:io.reactivex.Single downloadNibssCAPKS(android.content.Context,com.netpluspay.nibssclient.models.ConfigurationParams):92:92 -> downloadNibssCAPKS
    1:1:io.reactivex.Single makePayment(android.content.Context,com.netpluspay.nibssclient.models.MakePaymentParams):40:40 -> makePayment
    1:1:io.reactivex.Single refundTransaction(android.content.Context,com.netpluspay.nibssclient.models.RefundTransactionParams):67:67 -> refundTransaction
com.netpluspay.nibssclient.service.NibssApiWrapper$callHome$1 -> com.netpluspay.nibssclient.service.NibssApiWrapper$a:
    com.netpluspay.nibssclient.models.ConfigurationParams $params -> a
    android.content.Context $context -> b
    1:4:java.lang.String call():30:33 -> call
    1:4:java.lang.Object call():11 -> call
    5:5:java.lang.String call():32:32 -> call
    5:5:java.lang.Object call():11 -> call
com.netpluspay.nibssclient.service.NibssApiWrapper$checkBalance$1 -> com.netpluspay.nibssclient.service.NibssApiWrapper$b:
    android.content.Context $context -> a
    com.netpluspay.nibssclient.models.CheckBalanceParams $params -> b
    1:4:com.netpluspay.nibssclient.models.TransactionResponse call():56:59 -> call
    1:4:java.lang.Object call():11 -> call
com.netpluspay.nibssclient.service.NibssApiWrapper$completion$1 -> com.netpluspay.nibssclient.service.NibssApiWrapper$c:
    android.content.Context $context -> b
    com.netpluspay.nibssclient.models.MakePaymentParams $params -> a
    1:5:com.netpluspay.nibssclient.models.TransactionResponse call():106:110 -> call
    1:5:java.lang.Object call():11 -> call
com.netpluspay.nibssclient.service.NibssApiWrapper$configureTerminal$1 -> com.netpluspay.nibssclient.service.NibssApiWrapper$d:
    com.netpluspay.nibssclient.models.ConfigurationParams $params -> a
    android.content.Context $context -> b
    1:7:com.netpluspay.nibssclient.models.KeyHolder call():17:23 -> call
    1:7:java.lang.Object call():11 -> call
    8:8:com.netpluspay.nibssclient.models.KeyHolder call():18:18 -> call
    8:8:java.lang.Object call():11 -> call
com.netpluspay.nibssclient.service.NibssApiWrapper$downloadNibssAIDS$1 -> com.netpluspay.nibssclient.service.NibssApiWrapper$e:
    com.netpluspay.nibssclient.models.ConfigurationParams $params -> a
    android.content.Context $context -> b
    1:7:java.util.List call():80:86 -> call
    1:7:java.lang.Object call():11 -> call
com.netpluspay.nibssclient.service.NibssApiWrapper$downloadNibssAIDS$1$myType$1 -> com.netpluspay.nibssclient.service.NibssApiWrapper$downloadNibssAIDS$1$myType$1:
    1:1:void <init>():83:83 -> <init>
com.netpluspay.nibssclient.service.NibssApiWrapper$downloadNibssCAPKS$1 -> com.netpluspay.nibssclient.service.NibssApiWrapper$f:
    com.netpluspay.nibssclient.models.ConfigurationParams $params -> a
    android.content.Context $context -> b
    1:7:java.util.List call():93:99 -> call
    1:7:java.lang.Object call():11 -> call
com.netpluspay.nibssclient.service.NibssApiWrapper$downloadNibssCAPKS$1$myType$1 -> com.netpluspay.nibssclient.service.NibssApiWrapper$downloadNibssCAPKS$1$myType$1:
    1:1:void <init>():96:96 -> <init>
com.netpluspay.nibssclient.service.NibssApiWrapper$makePayment$1 -> com.netpluspay.nibssclient.service.NibssApiWrapper$g:
    android.content.Context $context -> b
    com.netpluspay.nibssclient.models.MakePaymentParams $params -> a
    1:9:com.netpluspay.nibssclient.models.TransactionResponse call():41:49 -> call
    1:9:java.lang.Object call():11 -> call
    10:10:com.netpluspay.nibssclient.models.TransactionResponse call():44:44 -> call
    10:10:java.lang.Object call():11 -> call
    11:11:com.netpluspay.nibssclient.models.TransactionResponse call():42:42 -> call
    11:11:java.lang.Object call():11 -> call
com.netpluspay.nibssclient.service.NibssApiWrapper$refundTransaction$1 -> com.netpluspay.nibssclient.service.NibssApiWrapper$h:
    android.content.Context $context -> b
    com.netpluspay.nibssclient.models.RefundTransactionParams $params -> a
    1:6:com.netpluspay.nibssclient.models.TransactionResponse call():68:73 -> call
    1:6:java.lang.Object call():11 -> call
com.netpluspay.nibssclient.service.SSLManager -> com.netpluspay.nibssclient.service.SSLManager:
    1:1:void <clinit>():24:24 -> <clinit>
    1:1:void <init>():24:24 -> <init>
    1:11:java.security.PrivateKey getFromString(android.content.Context):72:82 -> a
    12:12:java.security.PrivateKey getFromString(android.content.Context):73:73 -> a
    1:1:javax.net.ssl.SSLSocketFactory getSSLFactory(android.content.Context):35:35 -> getSSLSocket
    1:1:javax.net.ssl.SSLSocket getSSLSocket(android.content.Context):32 -> getSSLSocket
    2:8:javax.net.ssl.KeyManagerFactory getKeyMangerFactory(android.content.Context):46:52 -> getSSLSocket
    2:8:javax.net.ssl.SSLSocketFactory getSSLFactory(android.content.Context):37 -> getSSLSocket
    2:8:javax.net.ssl.SSLSocket getSSLSocket(android.content.Context):32 -> getSSLSocket
    9:11:java.security.cert.X509Certificate getX509Certificate(java.io.InputStream):86:88 -> getSSLSocket
    9:11:javax.net.ssl.KeyManagerFactory getKeyMangerFactory(android.content.Context):52 -> getSSLSocket
    9:11:javax.net.ssl.SSLSocketFactory getSSLFactory(android.content.Context):37 -> getSSLSocket
    9:11:javax.net.ssl.SSLSocket getSSLSocket(android.content.Context):32 -> getSSLSocket
    12:12:java.security.cert.X509Certificate getX509Certificate(java.io.InputStream):87:87 -> getSSLSocket
    12:12:javax.net.ssl.KeyManagerFactory getKeyMangerFactory(android.content.Context):52 -> getSSLSocket
    12:12:javax.net.ssl.SSLSocketFactory getSSLFactory(android.content.Context):37 -> getSSLSocket
    12:12:javax.net.ssl.SSLSocket getSSLSocket(android.content.Context):32 -> getSSLSocket
    13:22:javax.net.ssl.KeyManagerFactory getKeyMangerFactory(android.content.Context):54:63 -> getSSLSocket
    13:22:javax.net.ssl.SSLSocketFactory getSSLFactory(android.content.Context):37 -> getSSLSocket
    13:22:javax.net.ssl.SSLSocket getSSLSocket(android.content.Context):32 -> getSSLSocket
    23:30:javax.net.ssl.KeyManagerFactory getKeyMangerFactory(android.content.Context):59:66 -> getSSLSocket
    23:30:javax.net.ssl.SSLSocketFactory getSSLFactory(android.content.Context):37 -> getSSLSocket
    23:30:javax.net.ssl.SSLSocket getSSLSocket(android.content.Context):32 -> getSSLSocket
    31:31:javax.net.ssl.SSLSocketFactory getSSLFactory(android.content.Context):37:37 -> getSSLSocket
    31:31:javax.net.ssl.SSLSocket getSSLSocket(android.content.Context):32 -> getSSLSocket
    32:33:javax.net.ssl.X509TrustManager[] trustEveryOne():102:103 -> getSSLSocket
    32:33:javax.net.ssl.SSLSocketFactory getSSLFactory(android.content.Context):38 -> getSSLSocket
    32:33:javax.net.ssl.SSLSocket getSSLSocket(android.content.Context):32 -> getSSLSocket
    34:39:javax.net.ssl.SSLSocketFactory getSSLFactory(android.content.Context):36:41 -> getSSLSocket
    34:39:javax.net.ssl.SSLSocket getSSLSocket(android.content.Context):32 -> getSSLSocket
    40:40:javax.net.ssl.SSLSocket getSSLSocket(android.content.Context):32:32 -> getSSLSocket
    41:41:java.security.cert.X509Certificate getX509Certificate(java.io.InputStream):88:88 -> getSSLSocket
    41:41:javax.net.ssl.KeyManagerFactory getKeyMangerFactory(android.content.Context):52 -> getSSLSocket
    41:41:javax.net.ssl.SSLSocketFactory getSSLFactory(android.content.Context):37 -> getSSLSocket
    41:41:javax.net.ssl.SSLSocket getSSLSocket(android.content.Context):32 -> getSSLSocket
    42:42:java.security.cert.X509Certificate getX509Certificate(java.io.InputStream):87:87 -> getSSLSocket
    42:42:javax.net.ssl.KeyManagerFactory getKeyMangerFactory(android.content.Context):52 -> getSSLSocket
    42:42:javax.net.ssl.SSLSocketFactory getSSLFactory(android.content.Context):37 -> getSSLSocket
    42:42:javax.net.ssl.SSLSocket getSSLSocket(android.content.Context):32 -> getSSLSocket
    43:43:javax.net.ssl.KeyManagerFactory getKeyMangerFactory(android.content.Context):47:47 -> getSSLSocket
    43:43:javax.net.ssl.SSLSocketFactory getSSLFactory(android.content.Context):37 -> getSSLSocket
    43:43:javax.net.ssl.SSLSocket getSSLSocket(android.content.Context):32 -> getSSLSocket
    1:3:javax.net.ssl.SSLSocket getSSLSockets():27:27 -> getSSLSockets
com.netpluspay.nibssclient.service.SSLManager$trustEveryOne$1 -> com.netpluspay.nibssclient.service.SSLManager$trustEveryOne$1:
    1:1:void <init>():103:103 -> <init>
    1:1:java.security.cert.X509Certificate[] getAcceptedIssuers():107:107 -> getAcceptedIssuers
com.netpluspay.nibssclient.util.Constants -> com.netpluspay.nibssclient.util.Constants:
    1:1:void <clinit>():4:4 -> <clinit>
    1:1:void <init>():4:4 -> <init>
    1:13:java.lang.String getDownloadParameterManagementData(java.lang.String,java.lang.String):56:68 -> getDownloadParameterManagementData
    1:74:java.lang.String getResponseMessageFromCode(java.lang.String):72:145 -> getResponseMessageFromCode
    75:75:java.lang.String getResponseMessageFromCode(java.lang.String):144:144 -> getResponseMessageFromCode
    76:76:java.lang.String getResponseMessageFromCode(java.lang.String):143:143 -> getResponseMessageFromCode
    77:77:java.lang.String getResponseMessageFromCode(java.lang.String):142:142 -> getResponseMessageFromCode
    78:78:java.lang.String getResponseMessageFromCode(java.lang.String):141:141 -> getResponseMessageFromCode
    79:79:java.lang.String getResponseMessageFromCode(java.lang.String):140:140 -> getResponseMessageFromCode
    80:80:java.lang.String getResponseMessageFromCode(java.lang.String):139:139 -> getResponseMessageFromCode
    81:81:java.lang.String getResponseMessageFromCode(java.lang.String):135:135 -> getResponseMessageFromCode
    82:82:java.lang.String getResponseMessageFromCode(java.lang.String):134:134 -> getResponseMessageFromCode
    83:83:java.lang.String getResponseMessageFromCode(java.lang.String):133:133 -> getResponseMessageFromCode
    84:84:java.lang.String getResponseMessageFromCode(java.lang.String):132:132 -> getResponseMessageFromCode
    85:85:java.lang.String getResponseMessageFromCode(java.lang.String):131:131 -> getResponseMessageFromCode
    86:86:java.lang.String getResponseMessageFromCode(java.lang.String):130:130 -> getResponseMessageFromCode
    87:87:java.lang.String getResponseMessageFromCode(java.lang.String):129:129 -> getResponseMessageFromCode
    88:88:java.lang.String getResponseMessageFromCode(java.lang.String):128:128 -> getResponseMessageFromCode
    89:89:java.lang.String getResponseMessageFromCode(java.lang.String):127:127 -> getResponseMessageFromCode
    90:90:java.lang.String getResponseMessageFromCode(java.lang.String):126:126 -> getResponseMessageFromCode
    91:91:java.lang.String getResponseMessageFromCode(java.lang.String):125:125 -> getResponseMessageFromCode
    92:92:java.lang.String getResponseMessageFromCode(java.lang.String):124:124 -> getResponseMessageFromCode
    93:93:java.lang.String getResponseMessageFromCode(java.lang.String):123:123 -> getResponseMessageFromCode
    94:94:java.lang.String getResponseMessageFromCode(java.lang.String):122:122 -> getResponseMessageFromCode
    95:95:java.lang.String getResponseMessageFromCode(java.lang.String):121:121 -> getResponseMessageFromCode
    96:96:java.lang.String getResponseMessageFromCode(java.lang.String):120:120 -> getResponseMessageFromCode
    97:97:java.lang.String getResponseMessageFromCode(java.lang.String):119:119 -> getResponseMessageFromCode
    98:98:java.lang.String getResponseMessageFromCode(java.lang.String):118:118 -> getResponseMessageFromCode
    99:99:java.lang.String getResponseMessageFromCode(java.lang.String):117:117 -> getResponseMessageFromCode
    100:100:java.lang.String getResponseMessageFromCode(java.lang.String):116:116 -> getResponseMessageFromCode
    101:101:java.lang.String getResponseMessageFromCode(java.lang.String):115:115 -> getResponseMessageFromCode
    102:102:java.lang.String getResponseMessageFromCode(java.lang.String):114:114 -> getResponseMessageFromCode
    103:103:java.lang.String getResponseMessageFromCode(java.lang.String):113:113 -> getResponseMessageFromCode
    104:104:java.lang.String getResponseMessageFromCode(java.lang.String):112:112 -> getResponseMessageFromCode
    105:105:java.lang.String getResponseMessageFromCode(java.lang.String):111:111 -> getResponseMessageFromCode
    106:106:java.lang.String getResponseMessageFromCode(java.lang.String):110:110 -> getResponseMessageFromCode
    107:107:java.lang.String getResponseMessageFromCode(java.lang.String):109:109 -> getResponseMessageFromCode
    108:108:java.lang.String getResponseMessageFromCode(java.lang.String) -> getResponseMessageFromCode
    109:109:java.lang.String getResponseMessageFromCode(java.lang.String):107:107 -> getResponseMessageFromCode
    110:110:java.lang.String getResponseMessageFromCode(java.lang.String):106:106 -> getResponseMessageFromCode
    111:111:java.lang.String getResponseMessageFromCode(java.lang.String):105:105 -> getResponseMessageFromCode
    112:112:java.lang.String getResponseMessageFromCode(java.lang.String):104:104 -> getResponseMessageFromCode
    113:113:java.lang.String getResponseMessageFromCode(java.lang.String):103:103 -> getResponseMessageFromCode
    114:114:java.lang.String getResponseMessageFromCode(java.lang.String):102:102 -> getResponseMessageFromCode
    115:115:java.lang.String getResponseMessageFromCode(java.lang.String):101:101 -> getResponseMessageFromCode
    116:116:java.lang.String getResponseMessageFromCode(java.lang.String):100:100 -> getResponseMessageFromCode
    117:117:java.lang.String getResponseMessageFromCode(java.lang.String):99:99 -> getResponseMessageFromCode
    118:118:java.lang.String getResponseMessageFromCode(java.lang.String):98:98 -> getResponseMessageFromCode
    119:119:java.lang.String getResponseMessageFromCode(java.lang.String):97:97 -> getResponseMessageFromCode
    120:120:java.lang.String getResponseMessageFromCode(java.lang.String):96:96 -> getResponseMessageFromCode
    121:121:java.lang.String getResponseMessageFromCode(java.lang.String):95:95 -> getResponseMessageFromCode
    122:122:java.lang.String getResponseMessageFromCode(java.lang.String):94:94 -> getResponseMessageFromCode
    123:123:java.lang.String getResponseMessageFromCode(java.lang.String):93:93 -> getResponseMessageFromCode
    124:124:java.lang.String getResponseMessageFromCode(java.lang.String):92:92 -> getResponseMessageFromCode
    125:125:java.lang.String getResponseMessageFromCode(java.lang.String):91:91 -> getResponseMessageFromCode
    126:126:java.lang.String getResponseMessageFromCode(java.lang.String):90:90 -> getResponseMessageFromCode
    127:127:java.lang.String getResponseMessageFromCode(java.lang.String):89:89 -> getResponseMessageFromCode
    128:128:java.lang.String getResponseMessageFromCode(java.lang.String):88:88 -> getResponseMessageFromCode
    129:129:java.lang.String getResponseMessageFromCode(java.lang.String):87:87 -> getResponseMessageFromCode
    130:130:java.lang.String getResponseMessageFromCode(java.lang.String):86:86 -> getResponseMessageFromCode
    131:131:java.lang.String getResponseMessageFromCode(java.lang.String):85:85 -> getResponseMessageFromCode
    132:132:java.lang.String getResponseMessageFromCode(java.lang.String):84:84 -> getResponseMessageFromCode
    133:133:java.lang.String getResponseMessageFromCode(java.lang.String):83:83 -> getResponseMessageFromCode
    134:134:java.lang.String getResponseMessageFromCode(java.lang.String):82:82 -> getResponseMessageFromCode
    135:135:java.lang.String getResponseMessageFromCode(java.lang.String):81:81 -> getResponseMessageFromCode
    136:136:java.lang.String getResponseMessageFromCode(java.lang.String):80:80 -> getResponseMessageFromCode
    137:137:java.lang.String getResponseMessageFromCode(java.lang.String):79:79 -> getResponseMessageFromCode
    138:138:java.lang.String getResponseMessageFromCode(java.lang.String):78:78 -> getResponseMessageFromCode
    139:139:java.lang.String getResponseMessageFromCode(java.lang.String):77:77 -> getResponseMessageFromCode
    140:140:java.lang.String getResponseMessageFromCode(java.lang.String):76:76 -> getResponseMessageFromCode
    141:141:java.lang.String getResponseMessageFromCode(java.lang.String):75:75 -> getResponseMessageFromCode
    142:142:java.lang.String getResponseMessageFromCode(java.lang.String):74:74 -> getResponseMessageFromCode
    143:208:java.lang.String getResponseMessageFromCode(java.lang.String):73:138 -> getResponseMessageFromCode
    209:219:java.lang.String getResponseMessageFromCode(java.lang.String):137:147 -> getResponseMessageFromCode
    220:220:java.lang.String getResponseMessageFromCode(java.lang.String):146:146 -> getResponseMessageFromCode
    221:234:java.lang.String getResponseMessageFromCode(java.lang.String):136:149 -> getResponseMessageFromCode
com.netpluspay.nibssclient.util.Constants$IsoTransactionTypeCode -> com.netpluspay.nibssclient.util.Constants$IsoTransactionTypeCode:
    1:1:void <clinit>():169:169 -> <clinit>
    1:1:void <init>():169:169 -> <init>
com.netpluspay.nibssclient.util.Constants$MTI -> com.netpluspay.nibssclient.util.Constants$MTI:
    1:1:void <clinit>():153:153 -> <clinit>
    1:1:void <init>():153:153 -> <init>
com.netpluspay.nibssclient.util.ConstantsKt -> com.netpluspay.nibssclient.util.ConstantsKt:
    1:1:int toInt16(java.lang.String):3:3 -> toInt16
com.netpluspay.nibssclient.util.TripleDES -> com.netpluspay.nibssclient.util.TripleDES:
    1:1:void <clinit>():12:12 -> <clinit>
    1:1:void <init>():12:12 -> <init>
    1:5:java.lang.String Hex2String(byte[]):264:268 -> Hex2String
    1:4:byte[] String2Hex(java.lang.String):281:284 -> String2Hex
    1:22:byte[] GetKey(byte[]):20:41 -> a
    1:5:byte[] decrypt(byte[],byte[]):80:84 -> decrypt
    6:9:java.lang.String decrypt(java.lang.String,java.lang.String):208:211 -> decrypt
    1:6:byte[] decrypt_CBC(byte[],byte[]):160:165 -> decrypt_CBC
    7:10:java.lang.String decrypt_CBC(java.lang.String,java.lang.String):246:249 -> decrypt_CBC
    1:5:byte[] encrypt(byte[],byte[]):58:62 -> encrypt
    6:9:java.lang.String encrypt(java.lang.String,java.lang.String):189:192 -> encrypt
    1:12:byte[] encrypt_CBC(byte[],byte[]):102:113 -> encrypt_CBC
    13:25:byte[] encrypt_CBC(byte[],byte[],byte[]):127:139 -> encrypt_CBC
    26:29:java.lang.String encrypt_CBC(java.lang.String,java.lang.String):227:230 -> encrypt_CBC
com.netpluspay.nibssclient.util.app.NibssClient -> com.netpluspay.nibssclient.util.app.NibssClient:
    1:1:void <clinit>():3:3 -> <clinit>
    1:1:void <init>():3:3 -> <init>
    1:4:void init(java.lang.String,java.lang.String,java.lang.String,java.lang.String):7:10 -> init
    5:6:void init(java.lang.String,java.lang.String):15:16 -> init
    1:2:void setTestParams(java.lang.String,int):33:34 -> setTestParams
    1:1:void useSSL(boolean):39:39 -> useSSL
    1:7:void useTestEnvironment(boolean):21:27 -> useTestEnvironment
com.netpluspay.nibssclient.util.app.TerminalParams -> com.netpluspay.nibssclient.util.app.TerminalParams:
    boolean USE_SSL -> f
    java.lang.String TEST_HOST -> a
    int CONNECTION_PORT -> e
    int TEST_PORT -> b
    boolean ON_TEST_ENV -> c
    java.lang.String CONNECTION_HOST -> d
    1:1:void <clinit>():4:4 -> <clinit>
    1:1:void <init>():4:4 -> <init>
    1:1:java.lang.String defaultTerminalId():24:24 -> defaultTerminalId
    1:1:java.lang.String defaultTerminalSerial():25:25 -> defaultTerminalSerial
    1:1:java.lang.String getCLIENT_CERT_ASSET():14:14 -> getCLIENT_CERT_ASSET
    1:1:java.lang.String getCLIENT_KEY_ASSET():16:16 -> getCLIENT_KEY_ASSET
    1:1:java.lang.String getCONNECTION_HOST():10:10 -> getCONNECTION_HOST
    1:1:int getCONNECTION_PORT():11:11 -> getCONNECTION_PORT
    1:1:boolean getON_TEST_ENV():9:9 -> getON_TEST_ENV
    1:1:java.lang.String getTERMINAL_ID():18:18 -> getTERMINAL_ID
    1:1:java.lang.String getTERMINAL_SERIAL():20:20 -> getTERMINAL_SERIAL
    1:1:java.lang.String getTEST_HOST():7:7 -> getTEST_HOST
    1:1:int getTEST_PORT():8:8 -> getTEST_PORT
    1:1:boolean getUSE_SSL():12:12 -> getUSE_SSL
    1:1:boolean isClientCertInitialized():22:22 -> isClientCertInitialized
    1:1:boolean isClientKeyInitialized():23:23 -> isClientKeyInitialized
    1:1:void setCLIENT_CERT_ASSET(java.lang.String):14:14 -> setCLIENT_CERT_ASSET
    1:1:void setCLIENT_KEY_ASSET(java.lang.String):16:16 -> setCLIENT_KEY_ASSET
    1:1:void setCONNECTION_HOST(java.lang.String):10:10 -> setCONNECTION_HOST
    1:1:void setCONNECTION_PORT(int):11:11 -> setCONNECTION_PORT
    1:1:void setON_TEST_ENV(boolean):9:9 -> setON_TEST_ENV
    1:1:void setTERMINAL_ID(java.lang.String):18:18 -> setTERMINAL_ID
    1:1:void setTERMINAL_SERIAL(java.lang.String):20:20 -> setTERMINAL_SERIAL
    1:1:void setTEST_HOST(java.lang.String):7:7 -> setTEST_HOST
    1:1:void setTEST_PORT(int):8:8 -> setTEST_PORT
    1:1:void setUSE_SSL(boolean):12:12 -> setUSE_SSL
com.netpluspay.nibssclient.util.tlv.BytesUtil -> com.netpluspay.nibssclient.util.tlv.BytesUtil:
    1:1:void <init>():12:12 -> <init>
    1:5:byte[] ASCII_To_BCD(byte[],int):193:197 -> ASCII_To_BCD
    byte asc_to_bcd(byte) -> a
    1:6:byte[] ascii2Bcd(java.lang.String):19:24 -> ascii2Bcd
    1:1:byte[] ascii2Bytes(java.lang.String):188:188 -> ascii2Bytes
    1:8:java.lang.String bcd2Ascii(byte[]):76:83 -> bcd2Ascii
    1:9:java.lang.String bytes2HexString(byte[]):59:67 -> bytes2HexString
    1:7:int bytes2Int(byte[]):30:36 -> bytes2Int
    1:8:int bytesToInt(byte[]):282:289 -> bytesToInt
    1:15:void dumpHex(java.lang.String,byte[]):139:153 -> dumpHex
    1:1:java.lang.String fromBytes(byte[],java.lang.String):112:112 -> fromBytes
    2:2:java.lang.String fromBytes(byte[]):119:119 -> fromBytes
    1:1:java.lang.String fromGB2312(byte[]):127:127 -> fromGB2312
    1:1:java.lang.String fromGB2312New(java.lang.String):131:131 -> fromGB2312New
    1:1:java.lang.String fromGBK(byte[]):123:123 -> fromGBK
    1:1:java.lang.String fromUtf8(byte[]):135:135 -> fromUtf8
    1:6:byte[] hexString2Bytes(java.lang.String):218:223 -> hexString2Bytes
    1:1:java.lang.String hexToBinString(java.lang.String):305:305 -> hexToBinString
    1:5:byte[] int2Bytes(int):175:179 -> int2Bytes
    1:5:java.lang.String int3ToHexString(int):50:54 -> int3ToHexString
    1:3:byte[] intToBytes(int):297:299 -> intToBytes
    1:4:java.lang.String intToHexString(int):44:47 -> intToHexString
    1:5:byte[] merage(byte[][]):264:268 -> merage
    6:15:byte[] merage(byte[][]):266:275 -> merage
    1:9:java.lang.String str2HexStr(java.lang.String):157:165 -> str2HexStr
    1:11:byte[] subBytes(byte[],int,int):247:257 -> subBytes
    1:1:byte[] toBytes(java.lang.String,java.lang.String):88:88 -> toBytes
    2:2:byte[] toBytes(java.lang.String):95:95 -> toBytes
    1:1:byte[] toGB2312(java.lang.String):103:103 -> toGB2312
    1:1:byte[] toGBK(java.lang.String):99:99 -> toGBK
    1:1:byte[] toUtf8(java.lang.String):107:107 -> toUtf8
com.netpluspay.nibssclient.util.tlv.TLV -> com.netpluspay.nibssclient.util.tlv.TLV:
    byte[] data -> a
    byte[] value -> d
    java.lang.String tag -> b
    int length -> c
    1:4:void <init>():9:12 -> <init>
    1:4:int getLLength(byte[],int):141:144 -> a
    5:11:int calcValueLength(byte[],int,int):156:162 -> a
    1:1:int getTLength(byte[],int):134:134 -> b
    1:9:boolean equals(java.lang.Object):191:199 -> equals
    1:3:com.netpluspay.nibssclient.util.tlv.TLV fromData(java.lang.String,byte[]):30:32 -> fromData
    4:17:byte[] makeLengthData(int):169:182 -> fromData
    4:17:com.netpluspay.nibssclient.util.tlv.TLV fromData(java.lang.String,byte[]):32 -> fromData
    18:21:com.netpluspay.nibssclient.util.tlv.TLV fromData(java.lang.String,byte[]):32:35 -> fromData
    1:8:com.netpluspay.nibssclient.util.tlv.TLV fromRawData(byte[],int,byte[],int):17:24 -> fromRawData
    9:11:int getDataLength(byte[],int):148:150 -> fromRawData
    9:11:com.netpluspay.nibssclient.util.tlv.TLV fromRawData(byte[],int):40 -> fromRawData
    12:16:com.netpluspay.nibssclient.util.tlv.TLV fromRawData(byte[],int):41:45 -> fromRawData
    1:1:byte[] getBCDValue():114:114 -> getBCDValue
    1:1:byte getByteValue():88:88 -> getByteValue
    1:5:byte[] getBytesValue():122:126 -> getBytesValue
    1:1:byte[] getGBKNumberValue():107:107 -> getGBKNumberValue
    1:3:java.lang.String getGBKValue():93:95 -> getGBKValue
    1:15:int getLength():58:72 -> getLength
    1:2:java.lang.String getNumberValue():101:102 -> getNumberValue
    1:1:byte[] getRawData():118:118 -> getRawData
    1:4:int getTLLength():76:79 -> getTLLength
    1:5:java.lang.String getTag():50:54 -> getTag
    1:2:java.lang.String getValue():83:84 -> getValue
    1:1:boolean isValid():130:130 -> isValid
    1:4:java.lang.String toString():204:207 -> toString
com.netpluspay.nibssclient.util.tlv.TLVList -> com.netpluspay.nibssclient.util.tlv.TLVList:
    java.util.List data -> a
    1:2:void <init>():10:11 -> <init>
    1:4:void addTLV(com.netpluspay.nibssclient.util.tlv.TLV):80:83 -> addTLV
    1:1:boolean contains(java.lang.String):41:41 -> contains
    1:6:com.netpluspay.nibssclient.util.tlv.TLVList fromBinary(byte[]):14:19 -> fromBinary
    7:7:com.netpluspay.nibssclient.util.tlv.TLVList fromBinary(java.lang.String):25:25 -> fromBinary
    1:2:com.netpluspay.nibssclient.util.tlv.TLV getTLV(java.lang.String):45:46 -> getTLV
    3:3:com.netpluspay.nibssclient.util.tlv.TLV getTLV(int):76:76 -> getTLV
    1:3:java.lang.String getTLVVL(java.lang.String):54:56 -> getTLVVL
    1:8:com.netpluspay.nibssclient.util.tlv.TLVList getTLVs(java.lang.String[]):62:69 -> getTLVs
    1:4:void retainAll(java.lang.String[]):87:90 -> retainAll
    1:1:int size():29:29 -> size
    1:5:byte[] toBinary():33:37 -> toBinary
    1:4:java.lang.String toString():96:99 -> toString
